// Jest Snapshot v1, https://goo.gl/fbAQLP

exports[`Render Footer Correctly 1`] = `
<div
  className="footer"
>
  <div
    className="footer__links"
  >
    <div
      className="list-group"
    >
      <h4
        className="list-group__title"
      >
        Get in touch
      </h4>
      <div
        className="list-group__links"
      >
        <div>
          <a
            className="list-group__link"
            href="#"
          >
            About Us
          </a>
        </div>
        <div>
          <a
            className="list-group__link"
            href="#"
          >
            Careers
          </a>
        </div>
        <div>
          <a
            className="list-group__link"
            href="#"
          >
            Press Releases
          </a>
        </div>
        <div>
          <a
            className="list-group__link"
            href="#"
          >
            Blog
          </a>
        </div>
      </div>
    </div>
    <div
      className="list-group"
    >
      <h4
        className="list-group__title"
      >
        Connections
      </h4>
      <div
        className="list-group__links"
      >
        <div>
          <a
            className="list-group__link"
            href="#"
          >
            Facebook
          </a>
        </div>
        <div>
          <a
            className="list-group__link"
            href="#"
          >
            Twitter
          </a>
        </div>
        <div>
          <a
            className="list-group__link"
            href="#"
          >
            Instagram
          </a>
        </div>
        <div>
          <a
            className="list-group__link"
            href="#"
          >
            Youtube
          </a>
        </div>
        <div>
          <a
            className="list-group__link"
            href="#"
          >
            LinkedIn
          </a>
        </div>
      </div>
    </div>
    <div
      className="list-group"
    >
      <h4
        className="list-group__title"
      >
        Earnings
      </h4>
      <div
        className="list-group__links"
      >
        <div>
          <a
            className="list-group__link"
            href="#"
          >
            Become an Affiliate
          </a>
        </div>
        <div>
          <a
            className="list-group__link"
            href="#"
          >
            Advertise your product
          </a>
        </div>
        <div>
          <a
            className="list-group__link"
            href="#"
          >
            Sell on Market
          </a>
        </div>
      </div>
    </div>
    <div
      className="list-group"
    >
      <h4
        className="list-group__title"
      >
        Account
      </h4>
      <div
        className="list-group__links"
      >
        <div>
          <a
            className="list-group__link"
            href="#"
          >
            Your account
          </a>
        </div>
        <div>
          <a
            className="list-group__link"
            href="#"
          >
            Returns Centre
          </a>
        </div>
        <div>
          <a
            className="list-group__link"
            href="#"
          >
            100 % purchase protection
          </a>
        </div>
        <div>
          <a
            className="list-group__link"
            href="#"
          >
            Chat with us
          </a>
        </div>
        <div>
          <a
            className="list-group__link"
            href="#"
          >
            Help
          </a>
        </div>
      </div>
    </div>
  </div>
  <p
    className="footer__copyright"
  >
    Copyright Â© 2020 petrbilek.com
  </p>
</div>
`;
