// Jest Snapshot v1, https://goo.gl/fbAQLP

exports[`Render Products Categories Correctly 1`] = `
<div
  className="list-group"
>
  <h4
    className="list-group__title"
  >
    Categories
  </h4>
  <div
    className="list-group__links"
  />
</div>
`;
