// Jest Snapshot v1, https://goo.gl/fbAQLP

exports[`Render Products Correctly 1`] = `null`;
